// Vitest Snapshot v1, https://vitest.dev/guide/snapshot.html

exports[`generateAsteroidVertices > pinned regression — generateAsteroidVertices(42, 24) is bit-stable 1`] = `
[
  -16.06,
  -13.56,
  -0.96,
  -17.3,
  13.12,
  -15.05,
  23.6,
  -0.82,
  12.62,
  17.79,
  -7.36,
  17.12,
  -14.21,
  9.23,
]
`;
